spec/error_annotation_curried_arity_mismatch.kex:5:1: warning: type annotation for 'add' declares 2 parameter(s) but definition has 1
spec/error_annotation_curried_arity_mismatch.kex:8:16: error: `add` expects 1 argument(s), got 2
Aborted: 1 type error — fix before running (use --no-check to skip).
