spec/error_ambiguous_receiver_free_fn.kex:10:3: error: `tag` is defined twice for receiver `String` — declaration form carries no dispatch priority, so neither definition can claim the call
spec/error_ambiguous_receiver_free_fn.kex:7:1: note: the other definition is here
spec/error_ambiguous_receiver_free_fn.kex:10:3: warning: type annotation for 'tag' declares 1 parameter(s) but definition has 0
