spec/error_named_retry_option.kex:6:12: error: `Control.Retry.Retry::run` expects argument 3 to be Integer, but got String

Control.Retry.Retry::run : (Block<A>) -> Schedule -> Integer -> Duration -> Float -> Duration -> Float -> Duration? -> (Duration -> Void) -> (Block<Float>) -> (Info<A> -> Void) -> A
