Ok(3.14)
Ok(-2.0)
Error(ParseError { input: abc, message: invalid float, position: 0, rest: abc, value: None })
Error(ParseError { input: 3.14xyz, message: trailing characters after float, position: 4, rest: xyz, value: 3.14 })
Ok(42)
Ok(-7)
Error(ParseError { input: 4.5, message: trailing characters after integer, position: 1, rest: .5, value: 4 })
