ok: \d+
error at 9, empty message? false
#4271 / 4271
2026/07 = 2026
did not participate: None
matched empty: Just()
zero-width whole match: Just()
substring: true
anchored:  false
ucp: true
a\.b\*c
true
false
2
cat:1|dog:2
5
a+b+c
-a-b-c-
2026/7/4
a|b|c
a|b
|a
a|1|b|2|c
a|b|c
a|b||
a|b,c
a|b|c
tag source: \d+
tag matches: true
tag capture: 4271
interpolated: ^a\.c
dot is literal: false
literal match:  true
qualified source: \d+
qualified matches: true
qualified alias:  true
qualified interp: true
