{"kexTest":"item","kind":"describe","path":["reporting"],"name":"reporting","file":"spec/test_explorer/reporting.spec.kex","line":14,"column":1}
{"kexTest":"item","kind":"it","path":["reporting","reports a passing case"],"name":"reports a passing case","file":"spec/test_explorer/reporting.spec.kex","line":15,"column":3}
{"kexTest":"item","kind":"it","path":["reporting","reports a failing case with its message"],"name":"reports a failing case with its message","file":"spec/test_explorer/reporting.spec.kex","line":19,"column":3}
{"kexTest":"item","kind":"describe","path":["reporting","nested"],"name":"nested","file":"spec/test_explorer/reporting.spec.kex","line":23,"column":3}
{"kexTest":"item","kind":"it","path":["reporting","nested","reports a case nested one level down"],"name":"reports a case nested one level down","file":"spec/test_explorer/reporting.spec.kex","line":29,"column":5}
{"kexTest":"item","kind":"it","path":["reporting","nested","reports a failure raised inside a stdlib helper"],"name":"reports a failure raised inside a stdlib helper","file":"spec/test_explorer/reporting.spec.kex","line":33,"column":5}
